nohup: ignoring input
Dataset: mnist  classes=10  batch=512  steps=5000  preset=small

[conv] deep conv DLGN (full/softmax) on MNIST
  input=(28, 28, 1)
  block 0: ch=16  k=5  d=3  pad=0  s=1
  block 1: ch=48  k=3  d=3  pad=1  s=1
  block 2: ch=144  k=3  d=3  pad=1  s=1
  pool=2x2 stride=2
  flatten=1296  fc=[20480, 10240, 5120]
  sum_tau=6.5  class_count=10
  before: soft_loss=2.9720 hard_loss=2.9821 soft_acc=0.1309 hard_acc=0.1309
  compiling train step (this may take a while) ...
  compiled in 155.3s  step_0_loss=2.8582
  step   100/5000  train_loss=2.6005  soft_loss=2.6715 hard_loss=2.9821 soft_acc=0.1230 hard_acc=0.1309  [4s]
  step   200/5000  train_loss=1.5805  soft_loss=1.5853 hard_loss=2.9821 soft_acc=0.4648 hard_acc=0.1309  [16s]
  step   300/5000  train_loss=0.8743  soft_loss=0.9381 hard_loss=2.9821 soft_acc=0.7129 hard_acc=0.1309  [29s]
  step   400/5000  train_loss=0.5843  soft_loss=0.6457 hard_loss=2.4971 soft_acc=0.8105 hard_acc=0.2070  [41s]
  step   500/5000  train_loss=0.4175  soft_loss=0.4492 hard_loss=1.1516 soft_acc=0.8809 hard_acc=0.6211  [54s]
  step   600/5000  train_loss=0.3051  soft_loss=0.3290 hard_loss=0.7881 soft_acc=0.9023 hard_acc=0.6992  [66s]
  step   700/5000  train_loss=0.2640  soft_loss=0.2580 hard_loss=0.5452 soft_acc=0.9277 hard_acc=0.8242  [79s]
  step   800/5000  train_loss=0.1903  soft_loss=0.2135 hard_loss=0.3603 soft_acc=0.9512 hard_acc=0.8926  [91s]
  step   900/5000  train_loss=0.1817  soft_loss=0.1793 hard_loss=0.2633 soft_acc=0.9551 hard_acc=0.9102  [104s]
  step  1000/5000  train_loss=0.1597  soft_loss=0.1575 hard_loss=0.1965 soft_acc=0.9590 hard_acc=0.9336  [116s]
  step  1100/5000  train_loss=0.1364  soft_loss=0.1427 hard_loss=0.1988 soft_acc=0.9648 hard_acc=0.9453  [129s]
  step  1200/5000  train_loss=0.1487  soft_loss=0.1289 hard_loss=0.1623 soft_acc=0.9707 hard_acc=0.9453  [141s]
  step  1300/5000  train_loss=0.0981  soft_loss=0.1206 hard_loss=0.1444 soft_acc=0.9707 hard_acc=0.9629  [154s]
  step  1400/5000  train_loss=0.1238  soft_loss=0.1139 hard_loss=0.1421 soft_acc=0.9766 hard_acc=0.9668  [167s]
  step  1500/5000  train_loss=0.1407  soft_loss=0.1063 hard_loss=0.1287 soft_acc=0.9766 hard_acc=0.9609  [179s]
  step  1600/5000  train_loss=0.1191  soft_loss=0.1010 hard_loss=0.1151 soft_acc=0.9785 hard_acc=0.9668  [192s]
  step  1700/5000  train_loss=0.1085  soft_loss=0.0980 hard_loss=0.1129 soft_acc=0.9766 hard_acc=0.9707  [205s]
  step  1800/5000  train_loss=0.1023  soft_loss=0.0950 hard_loss=0.1051 soft_acc=0.9785 hard_acc=0.9727  [217s]
  step  1900/5000  train_loss=0.1043  soft_loss=0.0905 hard_loss=0.0985 soft_acc=0.9785 hard_acc=0.9707  [230s]
  step  2000/5000  train_loss=0.1019  soft_loss=0.0870 hard_loss=0.0976 soft_acc=0.9824 hard_acc=0.9727  [243s]
  step  2100/5000  train_loss=0.0861  soft_loss=0.0860 hard_loss=0.0955 soft_acc=0.9805 hard_acc=0.9785  [255s]
  step  2200/5000  train_loss=0.1062  soft_loss=0.0858 hard_loss=0.0944 soft_acc=0.9766 hard_acc=0.9707  [268s]
  step  2300/5000  train_loss=0.0919  soft_loss=0.0841 hard_loss=0.0957 soft_acc=0.9766 hard_acc=0.9727  [280s]
  step  2400/5000  train_loss=0.0912  soft_loss=0.0813 hard_loss=0.0953 soft_acc=0.9766 hard_acc=0.9805  [293s]
  step  2500/5000  train_loss=0.0908  soft_loss=0.0813 hard_loss=0.0866 soft_acc=0.9766 hard_acc=0.9785  [305s]
  step  2600/5000  train_loss=0.1167  soft_loss=0.0792 hard_loss=0.0862 soft_acc=0.9785 hard_acc=0.9805  [318s]
  step  2700/5000  train_loss=0.0795  soft_loss=0.0802 hard_loss=0.0867 soft_acc=0.9766 hard_acc=0.9766  [330s]
  step  2800/5000  train_loss=0.0697  soft_loss=0.0778 hard_loss=0.0868 soft_acc=0.9785 hard_acc=0.9785  [343s]
  step  2900/5000  train_loss=0.0597  soft_loss=0.0770 hard_loss=0.0835 soft_acc=0.9766 hard_acc=0.9785  [356s]
  step  3000/5000  train_loss=0.0649  soft_loss=0.0766 hard_loss=0.0811 soft_acc=0.9785 hard_acc=0.9805  [369s]
  step  3100/5000  train_loss=0.1095  soft_loss=0.0764 hard_loss=0.0842 soft_acc=0.9766 hard_acc=0.9746  [381s]
  step  3200/5000  train_loss=0.0560  soft_loss=0.0752 hard_loss=0.0836 soft_acc=0.9746 hard_acc=0.9766  [394s]
  step  3300/5000  train_loss=0.0645  soft_loss=0.0752 hard_loss=0.0826 soft_acc=0.9785 hard_acc=0.9727  [407s]
  step  3400/5000  train_loss=0.0682  soft_loss=0.0735 hard_loss=0.0779 soft_acc=0.9785 hard_acc=0.9766  [419s]
  step  3500/5000  train_loss=0.0836  soft_loss=0.0724 hard_loss=0.0741 soft_acc=0.9785 hard_acc=0.9785  [432s]
  step  3600/5000  train_loss=0.0821  soft_loss=0.0716 hard_loss=0.0730 soft_acc=0.9785 hard_acc=0.9805  [445s]
  step  3700/5000  train_loss=0.0597  soft_loss=0.0708 hard_loss=0.0736 soft_acc=0.9805 hard_acc=0.9805  [457s]
  step  3800/5000  train_loss=0.0818  soft_loss=0.0711 hard_loss=0.0737 soft_acc=0.9785 hard_acc=0.9746  [471s]
  step  3900/5000  train_loss=0.0755  soft_loss=0.0709 hard_loss=0.0722 soft_acc=0.9844 hard_acc=0.9746  [483s]
  step  4000/5000  train_loss=0.0489  soft_loss=0.0683 hard_loss=0.0719 soft_acc=0.9844 hard_acc=0.9824  [496s]
  step  4100/5000  train_loss=0.0806  soft_loss=0.0692 hard_loss=0.0749 soft_acc=0.9824 hard_acc=0.9766  [509s]
  step  4200/5000  train_loss=0.0660  soft_loss=0.0687 hard_loss=0.0696 soft_acc=0.9805 hard_acc=0.9824  [521s]
  step  4300/5000  train_loss=0.0809  soft_loss=0.0677 hard_loss=0.0706 soft_acc=0.9844 hard_acc=0.9805  [534s]
  step  4400/5000  train_loss=0.0674  soft_loss=0.0675 hard_loss=0.0703 soft_acc=0.9844 hard_acc=0.9766  [547s]
  step  4500/5000  train_loss=0.0699  soft_loss=0.0663 hard_loss=0.0729 soft_acc=0.9863 hard_acc=0.9766  [560s]
  step  4600/5000  train_loss=0.0510  soft_loss=0.0654 hard_loss=0.0701 soft_acc=0.9844 hard_acc=0.9785  [573s]
  step  4700/5000  train_loss=0.0497  soft_loss=0.0670 hard_loss=0.0718 soft_acc=0.9844 hard_acc=0.9766  [586s]
  step  4800/5000  train_loss=0.0501  soft_loss=0.0651 hard_loss=0.0716 soft_acc=0.9863 hard_acc=0.9805  [599s]
  step  4900/5000  train_loss=0.0678  soft_loss=0.0652 hard_loss=0.0732 soft_acc=0.9844 hard_acc=0.9785  [612s]
  step  5000/5000  train_loss=0.0470  soft_loss=0.0660 hard_loss=0.0708 soft_acc=0.9863 hard_acc=0.9805  [625s]
  total time: 790s  (compile 155.3s)

Done.
