Dataset: cifar10  classes=10  batch=128  steps=5000  preset=small_cifar  threshold_bits=2

[conv] deep conv DLGN (full/softmax) on cifar10
  input=(32, 32, 6)  threshold_bits=2
  block 0: ch=32  k=3  d=3  pad=1  s=1
  block 1: ch=128  k=3  d=3  pad=1  s=1
  block 2: ch=512  k=3  d=3  pad=1  s=1
  block 3: ch=1024  k=3  d=3  pad=1  s=1
  pool=2x2 stride=2
  flatten=4096  fc=[40960, 20480, 10240]
  sum_tau=20  class_count=10
  before: soft_loss=2.3989 hard_loss=2.4013 soft_acc=0.1328 hard_acc=0.1328
  compiling train step (this may take a while) ...
  compiled in 653.8s  step_0_loss=2.3878
  step   100/5000  train_loss=2.2370  soft_loss=2.2358 hard_loss=2.4013 soft_acc=0.1719 hard_acc=0.1328  [19s]
  step   200/5000  train_loss=2.1080  soft_loss=2.0116 hard_loss=2.3971 soft_acc=0.2656 hard_acc=0.1328  [39s]
  step   300/5000  train_loss=1.8513  soft_loss=1.8712 hard_loss=2.0882 soft_acc=0.3203 hard_acc=0.2969  [58s]
  step   400/5000  train_loss=1.7464  soft_loss=1.7665 hard_loss=1.9962 soft_acc=0.3203 hard_acc=0.2578  [78s]
  step   500/5000  train_loss=1.6767  soft_loss=1.7083 hard_loss=1.9498 soft_acc=0.3750 hard_acc=0.2891  [98s]
  step   600/5000  train_loss=1.6304  soft_loss=1.6485 hard_loss=1.8388 soft_acc=0.3984 hard_acc=0.3359  [118s]
  step   700/5000  train_loss=1.6997  soft_loss=1.5895 hard_loss=1.7166 soft_acc=0.4688 hard_acc=0.3906  [139s]
  step   800/5000  train_loss=1.5377  soft_loss=1.5567 hard_loss=1.6872 soft_acc=0.4688 hard_acc=0.4062  [159s]
  step   900/5000  train_loss=1.6366  soft_loss=1.5270 hard_loss=1.6208 soft_acc=0.4531 hard_acc=0.4297  [179s]
  step  1000/5000  train_loss=1.4134  soft_loss=1.5003 hard_loss=1.6019 soft_acc=0.4844 hard_acc=0.4219  [199s]
  step  1100/5000  train_loss=1.4569  soft_loss=1.4706 hard_loss=1.5304 soft_acc=0.4922 hard_acc=0.4844  [219s]
  step  1200/5000  train_loss=1.4956  soft_loss=1.4597 hard_loss=1.5495 soft_acc=0.5000 hard_acc=0.5000  [239s]
  step  1300/5000  train_loss=1.4044  soft_loss=1.4407 hard_loss=1.5143 soft_acc=0.4922 hard_acc=0.5078  [259s]
  step  1400/5000  train_loss=1.4961  soft_loss=1.4150 hard_loss=1.4968 soft_acc=0.5078 hard_acc=0.4922  [280s]
  step  1500/5000  train_loss=1.4740  soft_loss=1.3984 hard_loss=1.5085 soft_acc=0.5234 hard_acc=0.5391  [300s]
  step  1600/5000  train_loss=1.5447  soft_loss=1.3933 hard_loss=1.4984 soft_acc=0.5312 hard_acc=0.4922  [320s]
  step  1700/5000  train_loss=1.3425  soft_loss=1.3705 hard_loss=1.4851 soft_acc=0.5469 hard_acc=0.5156  [340s]
  step  1800/5000  train_loss=1.2992  soft_loss=1.3567 hard_loss=1.4604 soft_acc=0.5469 hard_acc=0.5234  [361s]
  step  1900/5000  train_loss=1.4757  soft_loss=1.3515 hard_loss=1.4221 soft_acc=0.5859 hard_acc=0.5000  [381s]
  step  2000/5000  train_loss=1.4902  soft_loss=1.3634 hard_loss=1.4738 soft_acc=0.5078 hard_acc=0.4922  [401s]
  step  2100/5000  train_loss=1.3182  soft_loss=1.3268 hard_loss=1.4310 soft_acc=0.5625 hard_acc=0.5000  [421s]
  step  2200/5000  train_loss=1.2876  soft_loss=1.3337 hard_loss=1.4212 soft_acc=0.5312 hard_acc=0.5156  [441s]
  step  2300/5000  train_loss=1.3449  soft_loss=1.3252 hard_loss=1.3955 soft_acc=0.5234 hard_acc=0.5000  [461s]
  step  2400/5000  train_loss=1.3131  soft_loss=1.3155 hard_loss=1.3944 soft_acc=0.5547 hard_acc=0.5156  [481s]
  step  2500/5000  train_loss=1.2970  soft_loss=1.2907 hard_loss=1.3652 soft_acc=0.5469 hard_acc=0.5312  [501s]
  step  2600/5000  train_loss=1.3168  soft_loss=1.2871 hard_loss=1.3615 soft_acc=0.5625 hard_acc=0.5156  [521s]
  step  2700/5000  train_loss=1.3017  soft_loss=1.2910 hard_loss=1.3658 soft_acc=0.5625 hard_acc=0.5391  [541s]
  step  2800/5000  train_loss=1.4069  soft_loss=1.2900 hard_loss=1.3487 soft_acc=0.5547 hard_acc=0.5391  [562s]
  step  2900/5000  train_loss=1.2886  soft_loss=1.2790 hard_loss=1.3387 soft_acc=0.5547 hard_acc=0.5547  [582s]
  step  3000/5000  train_loss=1.2787  soft_loss=1.2831 hard_loss=1.3431 soft_acc=0.5547 hard_acc=0.5391  [602s]
  step  3100/5000  train_loss=1.3840  soft_loss=1.2954 hard_loss=1.3439 soft_acc=0.5703 hard_acc=0.5547  [622s]
  step  3200/5000  train_loss=1.2664  soft_loss=1.2715 hard_loss=1.3371 soft_acc=0.5625 hard_acc=0.5625  [642s]
  step  3300/5000  train_loss=1.2918  soft_loss=1.2808 hard_loss=1.3794 soft_acc=0.5625 hard_acc=0.5078  [662s]
  step  3400/5000  train_loss=1.1484  soft_loss=1.2705 hard_loss=1.3394 soft_acc=0.5859 hard_acc=0.5625  [682s]
  step  3500/5000  train_loss=1.2540  soft_loss=1.2777 hard_loss=1.3254 soft_acc=0.5625 hard_acc=0.5625  [703s]
  step  3600/5000  train_loss=1.1432  soft_loss=1.2733 hard_loss=1.3583 soft_acc=0.5781 hard_acc=0.5312  [723s]
  step  3700/5000  train_loss=1.2173  soft_loss=1.2646 hard_loss=1.3165 soft_acc=0.5859 hard_acc=0.5625  [743s]
  step  3800/5000  train_loss=1.3303  soft_loss=1.2683 hard_loss=1.3340 soft_acc=0.5703 hard_acc=0.5625  [763s]
  step  3900/5000  train_loss=1.3314  soft_loss=1.2593 hard_loss=1.3357 soft_acc=0.5781 hard_acc=0.4922  [783s]
  step  4000/5000  train_loss=1.2479  soft_loss=1.2583 hard_loss=1.3315 soft_acc=0.5859 hard_acc=0.5234  [803s]
  step  4100/5000  train_loss=1.2867  soft_loss=1.2605 hard_loss=1.3227 soft_acc=0.5781 hard_acc=0.5469  [824s]
  step  4200/5000  train_loss=1.2491  soft_loss=1.2636 hard_loss=1.3370 soft_acc=0.5938 hard_acc=0.5781  [844s]
  step  4300/5000  train_loss=1.2324  soft_loss=1.2473 hard_loss=1.3114 soft_acc=0.5938 hard_acc=0.5547  [864s]
  step  4400/5000  train_loss=1.1692  soft_loss=1.2449 hard_loss=1.3298 soft_acc=0.6016 hard_acc=0.5469  [884s]
  step  4500/5000  train_loss=1.2146  soft_loss=1.2487 hard_loss=1.3099 soft_acc=0.5938 hard_acc=0.5469  [904s]
  step  4600/5000  train_loss=1.3044  soft_loss=1.2341 hard_loss=1.3083 soft_acc=0.6016 hard_acc=0.5625  [925s]
  step  4700/5000  train_loss=1.2097  soft_loss=1.2476 hard_loss=1.2985 soft_acc=0.6094 hard_acc=0.5625  [945s]
  step  4800/5000  train_loss=1.2111  soft_loss=1.2358 hard_loss=1.2800 soft_acc=0.5781 hard_acc=0.5703  [965s]
  step  4900/5000  train_loss=1.3173  soft_loss=1.2327 hard_loss=1.2840 soft_acc=0.6094 hard_acc=0.5625  [985s]
  step  5000/5000  train_loss=1.0595  soft_loss=1.2387 hard_loss=1.3015 soft_acc=0.6094 hard_acc=0.5703  [1005s]
  total time: 1660s  (compile 653.8s)

Done.
