Dataset: cifar10  classes=10  batch=128  steps=5000  preset=small_cifar  threshold_bits=2

[conv] deep conv DLGN (light/light_st) on cifar10
  input=(32, 32, 6)  threshold_bits=2
  block 0: ch=32  k=3  d=3  pad=1  s=1
  block 1: ch=128  k=3  d=3  pad=1  s=1
  block 2: ch=512  k=3  d=3  pad=1  s=1
  block 3: ch=1024  k=3  d=3  pad=1  s=1
  pool=2x2 stride=2
  flatten=4096  fc=[40960, 20480, 10240]
  sum_tau=20  class_count=10
  before: soft_loss=2.4013 hard_loss=2.4013 soft_acc=0.1328 hard_acc=0.1328
  compiling train step (this may take a while) ...
  compiled in 177.5s  step_0_loss=2.3899
  step   100/5000  train_loss=2.4039  soft_loss=2.4013 hard_loss=2.4013 soft_acc=0.1328 hard_acc=0.1328  [865s]
  step   200/5000  train_loss=2.4276  soft_loss=2.4013 hard_loss=2.4013 soft_acc=0.1328 hard_acc=0.1328  [884s]
  step   300/5000  train_loss=2.4257  soft_loss=2.4013 hard_loss=2.4013 soft_acc=0.1328 hard_acc=0.1328  [901s]
  step   400/5000  train_loss=2.1425  soft_loss=2.0876 hard_loss=2.0876 soft_acc=0.2188 hard_acc=0.2188  [918s]
  step   500/5000  train_loss=2.0609  soft_loss=2.0552 hard_loss=2.0552 soft_acc=0.2422 hard_acc=0.2422  [933s]
  step   600/5000  train_loss=1.9678  soft_loss=2.0074 hard_loss=2.0074 soft_acc=0.2578 hard_acc=0.2578  [950s]
  step   700/5000  train_loss=2.0122  soft_loss=1.9840 hard_loss=1.9840 soft_acc=0.3125 hard_acc=0.3125  [967s]
  step   800/5000  train_loss=1.8574  soft_loss=1.9481 hard_loss=1.9481 soft_acc=0.2891 hard_acc=0.2891  [982s]
  step   900/5000  train_loss=1.8970  soft_loss=1.9126 hard_loss=1.9126 soft_acc=0.2656 hard_acc=0.2656  [999s]
  step  1000/5000  train_loss=1.6480  soft_loss=1.8892 hard_loss=1.8892 soft_acc=0.3672 hard_acc=0.3672  [1016s]
  step  1100/5000  train_loss=1.7159  soft_loss=1.8468 hard_loss=1.8468 soft_acc=0.3359 hard_acc=0.3359  [1033s]
  step  1200/5000  train_loss=1.8452  soft_loss=1.7977 hard_loss=1.7977 soft_acc=0.3516 hard_acc=0.3516  [1049s]
  step  1300/5000  train_loss=1.6477  soft_loss=1.8003 hard_loss=1.8003 soft_acc=0.3906 hard_acc=0.3906  [1066s]
  step  1400/5000  train_loss=1.7474  soft_loss=1.7456 hard_loss=1.7456 soft_acc=0.3750 hard_acc=0.3750  [1083s]
  step  1500/5000  train_loss=1.7137  soft_loss=1.7005 hard_loss=1.7005 soft_acc=0.4844 hard_acc=0.4844  [1100s]
  step  1600/5000  train_loss=1.8094  soft_loss=1.7017 hard_loss=1.7017 soft_acc=0.4141 hard_acc=0.4141  [1116s]
  step  1700/5000  train_loss=1.5987  soft_loss=1.6680 hard_loss=1.6680 soft_acc=0.4141 hard_acc=0.4141  [1132s]
  step  1800/5000  train_loss=1.5931  soft_loss=1.6668 hard_loss=1.6668 soft_acc=0.4375 hard_acc=0.4375  [1149s]
  step  1900/5000  train_loss=1.5978  soft_loss=1.6628 hard_loss=1.6628 soft_acc=0.4141 hard_acc=0.4141  [1164s]
  step  2000/5000  train_loss=1.6941  soft_loss=1.6420 hard_loss=1.6420 soft_acc=0.4219 hard_acc=0.4219  [1181s]
  step  2100/5000  train_loss=1.4956  soft_loss=1.5929 hard_loss=1.5929 soft_acc=0.4609 hard_acc=0.4609  [1198s]
  step  2200/5000  train_loss=1.6058  soft_loss=1.6467 hard_loss=1.6467 soft_acc=0.4297 hard_acc=0.4297  [1215s]
  step  2300/5000  train_loss=1.5377  soft_loss=1.5810 hard_loss=1.5810 soft_acc=0.5000 hard_acc=0.5000  [1231s]
  step  2400/5000  train_loss=1.5800  soft_loss=1.5595 hard_loss=1.5595 soft_acc=0.4922 hard_acc=0.4922  [1248s]
  step  2500/5000  train_loss=1.4926  soft_loss=1.5393 hard_loss=1.5393 soft_acc=0.5000 hard_acc=0.5000  [1265s]
  step  2600/5000  train_loss=1.4917  soft_loss=1.5650 hard_loss=1.5650 soft_acc=0.4766 hard_acc=0.4766  [1281s]
  step  2700/5000  train_loss=1.6320  soft_loss=1.5075 hard_loss=1.5075 soft_acc=0.4922 hard_acc=0.4922  [1298s]
  step  2800/5000  train_loss=1.6430  soft_loss=1.5137 hard_loss=1.5137 soft_acc=0.4766 hard_acc=0.4766  [1315s]
  step  2900/5000  train_loss=1.5738  soft_loss=1.4684 hard_loss=1.4684 soft_acc=0.4922 hard_acc=0.4922  [1332s]
  step  3000/5000  train_loss=1.4876  soft_loss=1.4634 hard_loss=1.4634 soft_acc=0.5391 hard_acc=0.5391  [1347s]
  step  3100/5000  train_loss=1.5494  soft_loss=1.4852 hard_loss=1.4852 soft_acc=0.4766 hard_acc=0.4766  [1364s]
  step  3200/5000  train_loss=1.5484  soft_loss=1.4519 hard_loss=1.4519 soft_acc=0.5234 hard_acc=0.5234  [1381s]
  step  3300/5000  train_loss=1.5425  soft_loss=1.4234 hard_loss=1.4234 soft_acc=0.5156 hard_acc=0.5156  [1396s]
  step  3400/5000  train_loss=1.3376  soft_loss=1.4689 hard_loss=1.4689 soft_acc=0.4844 hard_acc=0.4844  [1413s]
  step  3500/5000  train_loss=1.5450  soft_loss=1.4771 hard_loss=1.4771 soft_acc=0.5000 hard_acc=0.5000  [1429s]
  step  3600/5000  train_loss=1.4227  soft_loss=1.4404 hard_loss=1.4404 soft_acc=0.4922 hard_acc=0.4922  [1445s]
  step  3700/5000  train_loss=1.5034  soft_loss=1.4262 hard_loss=1.4262 soft_acc=0.5000 hard_acc=0.5000  [1462s]
  step  3800/5000  train_loss=1.5307  soft_loss=1.4068 hard_loss=1.4068 soft_acc=0.5156 hard_acc=0.5156  [1479s]
  step  3900/5000  train_loss=1.4811  soft_loss=1.3850 hard_loss=1.3850 soft_acc=0.5156 hard_acc=0.5156  [1496s]
  step  4000/5000  train_loss=1.4395  soft_loss=1.4337 hard_loss=1.4337 soft_acc=0.5078 hard_acc=0.5078  [1512s]
  step  4100/5000  train_loss=1.5345  soft_loss=1.4331 hard_loss=1.4331 soft_acc=0.5078 hard_acc=0.5078  [1529s]
  step  4200/5000  train_loss=1.4317  soft_loss=1.4189 hard_loss=1.4189 soft_acc=0.5078 hard_acc=0.5078  [1546s]
  step  4300/5000  train_loss=1.4839  soft_loss=1.3822 hard_loss=1.3822 soft_acc=0.5078 hard_acc=0.5078  [1563s]
  step  4400/5000  train_loss=1.3761  soft_loss=1.3947 hard_loss=1.3947 soft_acc=0.4922 hard_acc=0.4922  [1578s]
  step  4500/5000  train_loss=1.3917  soft_loss=1.4065 hard_loss=1.4065 soft_acc=0.4922 hard_acc=0.4922  [1595s]
  step  4600/5000  train_loss=1.5378  soft_loss=1.3772 hard_loss=1.3772 soft_acc=0.4844 hard_acc=0.4844  [1612s]
  step  4700/5000  train_loss=1.4047  soft_loss=1.3979 hard_loss=1.3979 soft_acc=0.5469 hard_acc=0.5469  [1627s]
  step  4800/5000  train_loss=1.3452  soft_loss=1.3602 hard_loss=1.3602 soft_acc=0.5234 hard_acc=0.5234  [1644s]
  step  4900/5000  train_loss=1.4998  soft_loss=1.3619 hard_loss=1.3619 soft_acc=0.5469 hard_acc=0.5469  [1661s]
  step  5000/5000  train_loss=1.3912  soft_loss=1.3100 hard_loss=1.3100 soft_acc=0.5703 hard_acc=0.5703  [1678s]
  total time: 1856s  (compile 177.5s)

Done.
